Archive member included to satisfy reference by file (symbol)

/opt/st/stm32cubeide_2.2.0/plugins/com.st.stm32cube.ide.mcu.externaltools.gnu-tools-for-stm32.14.3.rel1.linux64_1.0.100.202602081740/tools/bin/../lib/gcc/arm-none-eabi/14.3.1/../../../../arm-none-eabi/lib/thumb/v7e-m+dp/hard/libc_nano.a(libc_a-exit.o)
                              /opt/st/stm32cubeide_2.2.0/plugins/com.st.stm32cube.ide.mcu.externaltools.gnu-tools-for-stm32.14.3.rel1.linux64_1.0.100.202602081740/tools/bin/../lib/gcc/arm-none-eabi/14.3.1/../../../../arm-none-eabi/lib/thumb/v7e-m+dp/hard/crt0.o (exit)
/opt/st/stm32cubeide_2.2.0/plugins/com.st.stm32cube.ide.mcu.externaltools.gnu-tools-for-stm32.14.3.rel1.linux64_1.0.100.202602081740/tools/bin/../lib/gcc/arm-none-eabi/14.3.1/../../../../arm-none-eabi/lib/thumb/v7e-m+dp/hard/libc_nano.a(libc_a-findfp.o)
                              /opt/st/stm32cubeide_2.2.0/plugins/com.st.stm32cube.ide.mcu.externaltools.gnu-tools-for-stm32.14.3.rel1.linux64_1.0.100.202602081740/tools/bin/../lib/gcc/arm-none-eabi/14.3.1/../../../../arm-none-eabi/lib/thumb/v7e-m+dp/hard/libc_nano.a(libc_a-exit.o) (__stdio_exit_handler)
/opt/st/stm32cubeide_2.2.0/plugins/com.st.stm32cube.ide.mcu.externaltools.gnu-tools-for-stm32.14.3.rel1.linux64_1.0.100.202602081740/tools/bin/../lib/gcc/arm-none-eabi/14.3.1/../../../../arm-none-eabi/lib/thumb/v7e-m+dp/hard/libc_nano.a(libc_a-fwalk.o)
                              /opt/st/stm32cubeide_2.2.0/plugins/com.st.stm32cube.ide.mcu.externaltools.gnu-tools-for-stm32.14.3.rel1.linux64_1.0.100.202602081740/tools/bin/../lib/gcc/arm-none-eabi/14.3.1/../../../../arm-none-eabi/lib/thumb/v7e-m+dp/hard/libc_nano.a(libc_a-findfp.o) (_fwalk_sglue)
/opt/st/stm32cubeide_2.2.0/plugins/com.st.stm32cube.ide.mcu.externaltools.gnu-tools-for-stm32.14.3.rel1.linux64_1.0.100.202602081740/tools/bin/../lib/gcc/arm-none-eabi/14.3.1/../../../../arm-none-eabi/lib/thumb/v7e-m+dp/hard/libc_nano.a(libc_a-stdio.o)
                              /opt/st/stm32cubeide_2.2.0/plugins/com.st.stm32cube.ide.mcu.externaltools.gnu-tools-for-stm32.14.3.rel1.linux64_1.0.100.202602081740/tools/bin/../lib/gcc/arm-none-eabi/14.3.1/../../../../arm-none-eabi/lib/thumb/v7e-m+dp/hard/libc_nano.a(libc_a-findfp.o) (__sread)
/opt/st/stm32cubeide_2.2.0/plugins/com.st.stm32cube.ide.mcu.externaltools.gnu-tools-for-stm32.14.3.rel1.linux64_1.0.100.202602081740/tools/bin/../lib/gcc/arm-none-eabi/14.3.1/../../../../arm-none-eabi/lib/thumb/v7e-m+dp/hard/libc_nano.a(libc_a-memset.o)
                              /opt/st/stm32cubeide_2.2.0/plugins/com.st.stm32cube.ide.mcu.externaltools.gnu-tools-for-stm32.14.3.rel1.linux64_1.0.100.202602081740/tools/bin/../lib/gcc/arm-none-eabi/14.3.1/../../../../arm-none-eabi/lib/thumb/v7e-m+dp/hard/crt0.o (memset)
/opt/st/stm32cubeide_2.2.0/plugins/com.st.stm32cube.ide.mcu.externaltools.gnu-tools-for-stm32.14.3.rel1.linux64_1.0.100.202602081740/tools/bin/../lib/gcc/arm-none-eabi/14.3.1/../../../../arm-none-eabi/lib/thumb/v7e-m+dp/hard/libc_nano.a(libc_a-closer.o)
                              /opt/st/stm32cubeide_2.2.0/plugins/com.st.stm32cube.ide.mcu.externaltools.gnu-tools-for-stm32.14.3.rel1.linux64_1.0.100.202602081740/tools/bin/../lib/gcc/arm-none-eabi/14.3.1/../../../../arm-none-eabi/lib/thumb/v7e-m+dp/hard/libc_nano.a(libc_a-stdio.o) (_close_r)
/opt/st/stm32cubeide_2.2.0/plugins/com.st.stm32cube.ide.mcu.externaltools.gnu-tools-for-stm32.14.3.rel1.linux64_1.0.100.202602081740/tools/bin/../lib/gcc/arm-none-eabi/14.3.1/../../../../arm-none-eabi/lib/thumb/v7e-m+dp/hard/libc_nano.a(libc_a-reent.o)
                              /opt/st/stm32cubeide_2.2.0/plugins/com.st.stm32cube.ide.mcu.externaltools.gnu-tools-for-stm32.14.3.rel1.linux64_1.0.100.202602081740/tools/bin/../lib/gcc/arm-none-eabi/14.3.1/../../../../arm-none-eabi/lib/thumb/v7e-m+dp/hard/libc_nano.a(libc_a-closer.o) (errno)
/opt/st/stm32cubeide_2.2.0/plugins/com.st.stm32cube.ide.mcu.externaltools.gnu-tools-for-stm32.14.3.rel1.linux64_1.0.100.202602081740/tools/bin/../lib/gcc/arm-none-eabi/14.3.1/../../../../arm-none-eabi/lib/thumb/v7e-m+dp/hard/libc_nano.a(libc_a-impure.o)
                              /opt/st/stm32cubeide_2.2.0/plugins/com.st.stm32cube.ide.mcu.externaltools.gnu-tools-for-stm32.14.3.rel1.linux64_1.0.100.202602081740/tools/bin/../lib/gcc/arm-none-eabi/14.3.1/../../../../arm-none-eabi/lib/thumb/v7e-m+dp/hard/libc_nano.a(libc_a-reent.o) (_impure_ptr)
/opt/st/stm32cubeide_2.2.0/plugins/com.st.stm32cube.ide.mcu.externaltools.gnu-tools-for-stm32.14.3.rel1.linux64_1.0.100.202602081740/tools/bin/../lib/gcc/arm-none-eabi/14.3.1/../../../../arm-none-eabi/lib/thumb/v7e-m+dp/hard/libc_nano.a(libc_a-lseekr.o)
                              /opt/st/stm32cubeide_2.2.0/plugins/com.st.stm32cube.ide.mcu.externaltools.gnu-tools-for-stm32.14.3.rel1.linux64_1.0.100.202602081740/tools/bin/../lib/gcc/arm-none-eabi/14.3.1/../../../../arm-none-eabi/lib/thumb/v7e-m+dp/hard/libc_nano.a(libc_a-stdio.o) (_lseek_r)
[...]
Memory Configuration

Name             Origin             Length             Attributes
ITCMRAM          0x00000000         0x00010000         xrw
DTCMRAM          0x20000000         0x00020000         xrw
FLASH            0x08000000         0x00100000         xr
RAM_D1           0x24000000         0x00050000         xrw
RAM_D2           0x30000000         0x00008000         xrw
RAM_D3           0x38000000         0x00004000         xrw
*default*        0x00000000         0xffffffff

Linker script and memory map

LOAD /opt/st/stm32cubeide_2.2.0/plugins/com.st.stm32cube.ide.mcu.externaltools.gnu-tools-for-stm32.14.3.rel1.linux64_1.0.100.202602081740/tools/bin/../lib/gcc/arm-none-eabi/14.3.1/thumb/v7e-m+dp/hard/crti.o
LOAD /opt/st/stm32cubeide_2.2.0/plugins/com.st.stm32cube.ide.mcu.externaltools.gnu-tools-for-stm32.14.3.rel1.linux64_1.0.100.202602081740/tools/bin/../lib/gcc/arm-none-eabi/14.3.1/thumb/v7e-m+dp/hard/crtbegin.o
LOAD /opt/st/stm32cubeide_2.2.0/plugins/com.st.stm32cube.ide.mcu.externaltools.gnu-tools-for-stm32.14.3.rel1.linux64_1.0.100.202602081740/tools/bin/../lib/gcc/arm-none-eabi/14.3.1/../../../../arm-none-eabi/lib/thumb/v7e-m+dp/hard/crt0.o
LOAD ./Core/Src/main.o
LOAD ./Core/Src/stm32h7xx_hal_msp.o
LOAD ./Core/Src/stm32h7xx_it.o
LOAD ./Core/Src/syscalls.o
LOAD ./Core/Src/sysmem.o
LOAD ./Core/Src/system_stm32h7xx.o
LOAD ./Core/Startup/startup_stm32h723vgtx.o
LOAD ./Drivers/STM32H7xx_HAL_Driver/Src/stm32h7xx_hal.o
LOAD ./Drivers/STM32H7xx_HAL_Driver/Src/stm32h7xx_hal_cortex.o
LOAD ./Drivers/STM32H7xx_HAL_Driver/Src/stm32h7xx_hal_dma.o
LOAD ./Drivers/STM32H7xx_HAL_Driver/Src/stm32h7xx_hal_dma_ex.o
LOAD ./Drivers/STM32H7xx_HAL_Driver/Src/stm32h7xx_hal_exti.o
LOAD ./Drivers/STM32H7xx_HAL_Driver/Src/stm32h7xx_hal_flash.o
LOAD ./Drivers/STM32H7xx_HAL_Driver/Src/stm32h7xx_hal_flash_ex.o
LOAD ./Drivers/STM32H7xx_HAL_Driver/Src/stm32h7xx_hal_gpio.o
LOAD ./Drivers/STM32H7xx_HAL_Driver/Src/stm32h7xx_hal_hsem.o
LOAD ./Drivers/STM32H7xx_HAL_Driver/Src/stm32h7xx_hal_i2c.o
LOAD ./Drivers/STM32H7xx_HAL_Driver/Src/stm32h7xx_hal_i2c_ex.o
LOAD ./Drivers/STM32H7xx_HAL_Driver/Src/stm32h7xx_hal_mdma.o
LOAD ./Drivers/STM32H7xx_HAL_Driver/Src/stm32h7xx_hal_pwr.o
LOAD ./Drivers/STM32H7xx_HAL_Driver/Src/stm32h7xx_hal_pwr_ex.o
LOAD ./Drivers/STM32H7xx_HAL_Driver/Src/stm32h7xx_hal_rcc.o
LOAD ./Drivers/STM32H7xx_HAL_Driver/Src/stm32h7xx_hal_rcc_ex.o
LOAD ./Drivers/STM32H7xx_HAL_Driver/Src/stm32h7xx_hal_tim.o
LOAD ./Drivers/STM32H7xx_HAL_Driver/Src/stm32h7xx_hal_tim_ex.o
START GROUP
LOAD /opt/st/stm32cubeide_2.2.0/plugins/com.st.stm32cube.ide.mcu.externaltools.gnu-tools-for-stm32.14.3.rel1.linux64_1.0.100.202602081740/tools/bin/../lib/gcc/arm-none-eabi/14.3.1/../../../../arm-none-eabi/lib/thumb/v7e-m+dp/hard/libc_nano.a
LOAD /opt/st/stm32cubeide_2.2.0/plugins/com.st.stm32cube.ide.mcu.externaltools.gnu-tools-for-stm32.14.3.rel1.linux64_1.0.100.202602081740/tools/bin/../lib/gcc/arm-none-eabi/14.3.1/../../../../arm-none-eabi/lib/thumb/v7e-m+dp/hard/libm.a
END GROUP
START GROUP
LOAD /opt/st/stm32cubeide_2.2.0/plugins/com.st.stm32cube.ide.mcu.externaltools.gnu-tools-for-stm32.14.3.rel1.linux64_1.0.100.202602081740/tools/bin/../lib/gcc/arm-none-eabi/14.3.1/thumb/v7e-m+dp/hard/libgcc.a
LOAD /opt/st/stm32cubeide_2.2.0/plugins/com.st.stm32cube.ide.mcu.externaltools.gnu-tools-for-stm32.14.3.rel1.linux64_1.0.100.202602081740/tools/bin/../lib/gcc/arm-none-eabi/14.3.1/../../../../arm-none-eabi/lib/thumb/v7e-m+dp/hard/libc_nano.a
END GROUP
START GROUP
LOAD /opt/st/stm32cubeide_2.2.0/plugins/com.st.stm32cube.ide.mcu.externaltools.gnu-tools-for-stm32.14.3.rel1.linux64_1.0.100.202602081740/tools/bin/../lib/gcc/arm-none-eabi/14.3.1/thumb/v7e-m+dp/hard/libgcc.a
LOAD /opt/st/stm32cubeide_2.2.0/plugins/com.st.stm32cube.ide.mcu.externaltools.gnu-tools-for-stm32.14.3.rel1.linux64_1.0.100.202602081740/tools/bin/../lib/gcc/arm-none-eabi/14.3.1/../../../../arm-none-eabi/lib/thumb/v7e-m+dp/hard/libc_nano.a
LOAD /opt/st/stm32cubeide_2.2.0/plugins/com.st.stm32cube.ide.mcu.externaltools.gnu-tools-for-stm32.14.3.rel1.linux64_1.0.100.202602081740/tools/bin/../lib/gcc/arm-none-eabi/14.3.1/../../../../arm-none-eabi/lib/thumb/v7e-m+dp/hard/libnosys.a
END GROUP
START GROUP
LOAD /opt/st/stm32cubeide_2.2.0/plugins/com.st.stm32cube.ide.mcu.externaltools.gnu-tools-for-stm32.14.3.rel1.linux64_1.0.100.202602081740/tools/bin/../lib/gcc/arm-none-eabi/14.3.1/thumb/v7e-m+dp/hard/libgcc.a
LOAD /opt/st/stm32cubeide_2.2.0/plugins/com.st.stm32cube.ide.mcu.externaltools.gnu-tools-for-stm32.14.3.rel1.linux64_1.0.100.202602081740/tools/bin/../lib/gcc/arm-none-eabi/14.3.1/../../../../arm-none-eabi/lib/thumb/v7e-m+dp/hard/libc_nano.a
LOAD /opt/st/stm32cubeide_2.2.0/plugins/com.st.stm32cube.ide.mcu.externaltools.gnu-tools-for-stm32.14.3.rel1.linux64_1.0.100.202602081740/tools/bin/../lib/gcc/arm-none-eabi/14.3.1/../../../../arm-none-eabi/lib/thumb/v7e-m+dp/hard/libnosys.a
END GROUP
LOAD /opt/st/stm32cubeide_2.2.0/plugins/com.st.stm32cube.ide.mcu.externaltools.gnu-tools-for-stm32.14.3.rel1.linux64_1.0.100.202602081740/tools/bin/../lib/gcc/arm-none-eabi/14.3.1/thumb/v7e-m+dp/hard/crtend.o
LOAD /opt/st/stm32cubeide_2.2.0/plugins/com.st.stm32cube.ide.mcu.externaltools.gnu-tools-for-stm32.14.3.rel1.linux64_1.0.100.202602081740/tools/bin/../lib/gcc/arm-none-eabi/14.3.1/thumb/v7e-m+dp/hard/crtn.o
                0x24050000                        _estack = (ORIGIN (RAM_D1) + LENGTH (RAM_D1))
                0x00000200                        _Min_Heap_Size = 0x200
                0x00000400                        _Min_Stack_Size = 0x400

.isr_vector     0x08000000      0x2cc
                0x08000000                        . = ALIGN (0x4)
 *(.isr_vector)
 .isr_vector    0x08000000      0x2cc ./Core/Startup/startup_stm32h723vgtx.o
                0x08000000                g_pfnVectors
                0x080002cc                        . = ALIGN (0x4)

.text           0x080002cc     0x26b0
                0x080002cc                        . = ALIGN (0x4)
 *(.text)
 .text          0x080002cc       0x40 /opt/st/stm32cubeide_2.2.0/plugins/com.st.stm32cube.ide.mcu.externaltools.gnu-tools-for-stm32.14.3.rel1.linux64_1.0.100.202602081740/tools/bin/../lib/gcc/arm-none-eabi/14.3.1/thumb/v7e-m+dp/hard/crtbegin.o
 *(.text*)
 .text.HAL_TIM_PeriodElapsedCallback
                0x0800030c       0x28 ./Core/Src/main.o
                0x0800030c                HAL_TIM_PeriodElapsedCallback
 .text.main     0x08000334       0x28 ./Core/Src/main.o
                0x08000334                main
 .text.SystemClock_Config
                0x0800035c       0xbc ./Core/Src/main.o
                0x0800035c                SystemClock_Config
 .text.MX_TIM2_Init
                0x08000418       0x9c ./Core/Src/main.o
 .text.MX_GPIO_Init
                0x080004b4       0x68 ./Core/Src/main.o
 .text.MPU_Config
                0x0800051c       0x58 ./Core/Src/main.o
 .text.Error_Handler
                0x08000574        0xc ./Core/Src/main.o
                0x08000574                Error_Handler
 .text.HAL_MspInit
                0x08000580       0x34 ./Core/Src/stm32h7xx_hal_msp.o
                0x08000580                HAL_MspInit
 .text.HAL_TIM_Base_MspInit
                0x080005b4       0x4c ./Core/Src/stm32h7xx_hal_msp.o
                0x080005b4                HAL_TIM_Base_MspInit
 .text.NMI_Handler
                0x08000600        0x8 ./Core/Src/stm32h7xx_it.o
                0x08000600                NMI_Handler
 .text.HardFault_Handler
                0x08000608        0x8 ./Core/Src/stm32h7xx_it.o
                0x08000608                HardFault_Handler
 .text.MemManage_Handler
                0x08000610        0x8 ./Core/Src/stm32h7xx_it.o
                0x08000610                MemManage_Handler
 .text.BusFault_Handler
                0x08000618        0x8 ./Core/Src/stm32h7xx_it.o
                0x08000618                BusFault_Handler
 .text.UsageFault_Handler
                0x08000620        0x8 ./Core/Src/stm32h7xx_it.o
                0x08000620                UsageFault_Handler
 .text.SVC_Handler
                0x08000628        0xe ./Core/Src/stm32h7xx_it.o
                0x08000628                SVC_Handler
 .text.DebugMon_Handler
                0x08000636        0xe ./Core/Src/stm32h7xx_it.o
                0x08000636                DebugMon_Handler
 .text.PendSV_Handler
                0x08000644        0xe ./Core/Src/stm32h7xx_it.o
                0x08000644                PendSV_Handler
 .text.SysTick_Handler
                0x08000652        0xc ./Core/Src/stm32h7xx_it.o
                0x08000652                SysTick_Handler
 *fill*         0x0800065e        0x2 
 .text.TIM2_IRQHandler
                0x08000660       0x14 ./Core/Src/stm32h7xx_it.o
                0x08000660                TIM2_IRQHandler
 .text.SystemInit
                0x08000674      0x120 ./Core/Src/system_stm32h7xx.o
                0x08000674                SystemInit
 .text.ExitRun0Mode
                0x08000794       0x18 ./Core/Src/system_stm32h7xx.o
                0x08000794                ExitRun0Mode
 .text.Reset_Handler
                0x080007ac       0x54 ./Core/Startup/startup_stm32h723vgtx.o
                0x080007ac                Reset_Handler
 .text.Default_Handler
                0x08000800        0x2 ./Core/Startup/startup_stm32h723vgtx.o
                0x08000800                RTC_Alarm_IRQHandler
                0x08000800                EXTI2_IRQHandler
                0x08000800                TIM8_CC_IRQHandler
                0x08000800                UART8_IRQHandler
                0x08000800                SPI4_IRQHandler
                0x08000800                FDCAN3_IT0_IRQHandler
                0x08000800                TIM1_CC_IRQHandler
                0x08000800                BDMA_Channel6_IRQHandler
                0x08000800                DMA2_Stream5_IRQHandler
                0x08000800                DMA1_Stream5_IRQHandler
                0x08000800                CORDIC_IRQHandler
                0x08000800                BDMA_Channel1_IRQHandler
                0x08000800                TAMP_STAMP_IRQHandler
                0x08000800                EXTI3_IRQHandler
                0x08000800                LPTIM4_IRQHandler
                0x08000800                TIM8_TRG_COM_TIM14_IRQHandler
                0x08000800                LPTIM2_IRQHandler
                0x08000800                DFSDM1_FLT1_IRQHandler
                0x08000800                DMAMUX2_OVR_IRQHandler
                0x08000800                TIM8_UP_TIM13_IRQHandler
                0x08000800                I2C3_ER_IRQHandler
                0x08000800                DFSDM1_FLT2_IRQHandler
                0x08000800                I2C5_EV_IRQHandler
                0x08000800                USART10_IRQHandler
                0x08000800                MDMA_IRQHandler
                0x08000800                LPTIM3_IRQHandler
                0x08000800                HSEM1_IRQHandler
                0x08000800                EXTI0_IRQHandler
                0x08000800                I2C2_EV_IRQHandler
                0x08000800                DMA1_Stream2_IRQHandler
                0x08000800                FPU_IRQHandler
                0x08000800                OTG_HS_WKUP_IRQHandler
                0x08000800                FDCAN1_IT1_IRQHandler
                0x08000800                LTDC_ER_IRQHandler
                0x08000800                DMA2_Stream2_IRQHandler
                0x08000800                SPI1_IRQHandler
                0x08000800                OCTOSPI1_IRQHandler
                0x08000800                TIM6_DAC_IRQHandler
                0x08000800                DMA2_Stream3_IRQHandler
                0x08000800                OCTOSPI2_IRQHandler
                0x08000800                DFSDM1_FLT3_IRQHandler
                0x08000800                TIM23_IRQHandler
                0x08000800                USART6_IRQHandler
                0x08000800                TIM17_IRQHandler
                0x08000800                USART3_IRQHandler
                0x08000800                BDMA_Channel7_IRQHandler
                0x08000800                LPTIM5_IRQHandler
                0x08000800                UART5_IRQHandler
                0x08000800                ADC3_IRQHandler
                0x08000800                DMA2_Stream0_IRQHandler
                0x08000800                TIM4_IRQHandler
                0x08000800                BDMA_Channel2_IRQHandler
                0x08000800                I2C1_EV_IRQHandler
                0x08000800                DMA1_Stream6_IRQHandler
                0x08000800                DMAMUX1_OVR_IRQHandler
                0x08000800                DMA1_Stream1_IRQHandler
                0x08000800                TIM16_IRQHandler
                0x08000800                UART4_IRQHandler
                0x08000800                BDMA_Channel5_IRQHandler
                0x08000800                TIM3_IRQHandler
                0x08000800                RCC_IRQHandler
                0x08000800                UART9_IRQHandler
                0x08000800                TIM8_BRK_TIM12_IRQHandler
                0x08000800                TIM1_TRG_COM_IRQHandler
                0x08000800                Default_Handler
                0x08000800                ECC_IRQHandler
                0x08000800                FMAC_IRQHandler
                0x08000800                CEC_IRQHandler
                0x08000800                EXTI15_10_IRQHandler
                0x08000800                BDMA_Channel0_IRQHandler
                0x08000800                ADC_IRQHandler
                0x08000800                I2C5_ER_IRQHandler
                0x08000800                DMA1_Stream7_IRQHandler
                0x08000800                SPI5_IRQHandler
                0x08000800                TIM7_IRQHandler
                0x08000800                FDCAN3_IT1_IRQHandler
                0x08000800                SDMMC1_IRQHandler
                0x08000800                TIM5_IRQHandler
                0x08000800                DMA2_Stream7_IRQHandler
                0x08000800                TIM15_IRQHandler
                0x08000800                PVD_AVD_IRQHandler
                0x08000800                I2C3_EV_IRQHandler
                0x08000800                EXTI9_5_IRQHandler
                0x08000800                RTC_WKUP_IRQHandler
                0x08000800                LTDC_IRQHandler
                0x08000800                ETH_WKUP_IRQHandler
                0x08000800                SPDIF_RX_IRQHandler
                0x08000800                SPI2_IRQHandler
                0x08000800                OTG_HS_EP1_IN_IRQHandler
                0x08000800                DMA1_Stream0_IRQHandler
                0x08000800                TIM24_IRQHandler
                0x08000800                CRS_IRQHandler
                0x08000800                EXTI4_IRQHandler
                0x08000800                RNG_IRQHandler
                0x08000800                FDCAN2_IT1_IRQHandler
                0x08000800                ETH_IRQHandler
                0x08000800                TIM1_UP_IRQHandler
                0x08000800                BDMA_Channel4_IRQHandler
                0x08000800                OTG_HS_EP1_OUT_IRQHandler
                0x08000800                WWDG_IRQHandler
                0x08000800                SPI6_IRQHandler
                0x08000800                MDIOS_IRQHandler
                0x08000800                I2C4_EV_IRQHandler
                0x08000800                FDCAN2_IT0_IRQHandler
                0x08000800                LPUART1_IRQHandler
                0x08000800                FDCAN1_IT0_IRQHandler
                0x08000800                OTG_HS_IRQHandler
                0x08000800                DMA2D_IRQHandler
                0x08000800                TIM1_BRK_IRQHandler
                0x08000800                EXTI1_IRQHandler
                0x08000800                SDMMC2_IRQHandler
                0x08000800                BDMA_Channel3_IRQHandler
                0x08000800                DTS_IRQHandler
                0x08000800                UART7_IRQHandler
                0x08000800                MDIOS_WKUP_IRQHandler
                0x08000800                USART2_IRQHandler
                0x08000800                DFSDM1_FLT0_IRQHandler
                0x08000800                SAI4_IRQHandler
                0x08000800                I2C2_ER_IRQHandler
                0x08000800                DMA2_Stream1_IRQHandler
                0x08000800                FLASH_IRQHandler
                0x08000800                DMA2_Stream4_IRQHandler
                0x08000800                USART1_IRQHandler
                0x08000800                SPI3_IRQHandler
                0x08000800                WAKEUP_PIN_IRQHandler
                0x08000800                DMA1_Stream4_IRQHandler
                0x08000800                I2C1_ER_IRQHandler
                0x08000800                FMC_IRQHandler
                0x08000800                FDCAN_CAL_IRQHandler
                0x08000800                SWPMI1_IRQHandler
                0x08000800                COMP1_IRQHandler
                0x08000800                LPTIM1_IRQHandler
                0x08000800                DCMI_PSSI_IRQHandler
                0x08000800                I2C4_ER_IRQHandler
                0x08000800                DMA2_Stream6_IRQHandler
                0x08000800                SAI1_IRQHandler
                0x08000800                DMA1_Stream3_IRQHandler
 *fill*         0x08000802        0x2 
 .text.HAL_Init
                0x08000804       0x78 ./Drivers/STM32H7xx_HAL_Driver/Src/stm32h7xx_hal.o
                0x08000804                HAL_Init
 .text.HAL_InitTick
                0x0800087c       0x6c ./Drivers/STM32H7xx_HAL_Driver/Src/stm32h7xx_hal.o
                0x0800087c                HAL_InitTick
 .text.HAL_IncTick
                0x080008e8       0x28 ./Drivers/STM32H7xx_HAL_Driver/Src/stm32h7xx_hal.o
                0x080008e8                HAL_IncTick
 .text.HAL_GetTick
                0x08000910       0x18 ./Drivers/STM32H7xx_HAL_Driver/Src/stm32h7xx_hal.o
                0x08000910                HAL_GetTick
 .text.__NVIC_SetPriorityGrouping
                0x08000928       0x48 ./Drivers/STM32H7xx_HAL_Driver/Src/stm32h7xx_hal_cortex.o
 .text.__NVIC_GetPriorityGrouping
                0x08000970       0x1c ./Drivers/STM32H7xx_HAL_Driver/Src/stm32h7xx_hal_cortex.o
 .text.__NVIC_EnableIRQ
                0x0800098c       0x3c ./Drivers/STM32H7xx_HAL_Driver/Src/stm32h7xx_hal_cortex.o
 .text.__NVIC_SetPriority
                0x080009c8       0x54 ./Drivers/STM32H7xx_HAL_Driver/Src/stm32h7xx_hal_cortex.o
 .text.NVIC_EncodePriority
                0x08000a1c       0x66 ./Drivers/STM32H7xx_HAL_Driver/Src/stm32h7xx_hal_cortex.o
 *fill*         0x08000a82        0x2 
 .text.SysTick_Config
                0x08000a84       0x44 ./Drivers/STM32H7xx_HAL_Driver/Src/stm32h7xx_hal_cortex.o
 .text.HAL_NVIC_SetPriorityGrouping
                0x08000ac8       0x16 ./Drivers/STM32H7xx_HAL_Driver/Src/stm32h7xx_hal_cortex.o
                0x08000ac8                HAL_NVIC_SetPriorityGrouping
 .text.HAL_NVIC_SetPriority
                0x08000ade       0x34 ./Drivers/STM32H7xx_HAL_Driver/Src/stm32h7xx_hal_cortex.o
                0x08000ade                HAL_NVIC_SetPriority
 .text.HAL_NVIC_EnableIRQ
                0x08000b12       0x1c ./Drivers/STM32H7xx_HAL_Driver/Src/stm32h7xx_hal_cortex.o
                0x08000b12                HAL_NVIC_EnableIRQ
 .text.HAL_SYSTICK_Config
                0x08000b2e       0x18 ./Drivers/STM32H7xx_HAL_Driver/Src/stm32h7xx_hal_cortex.o
                0x08000b2e                HAL_SYSTICK_Config
 *fill*         0x08000b46        0x2 
 .text.HAL_MPU_Disable
                0x08000b48       0x30 ./Drivers/STM32H7xx_HAL_Driver/Src/stm32h7xx_hal_cortex.o
                0x08000b48                HAL_MPU_Disable
 .text.HAL_MPU_Enable
                0x08000b78       0x40 ./Drivers/STM32H7xx_HAL_Driver/Src/stm32h7xx_hal_cortex.o
                0x08000b78                HAL_MPU_Enable
 .text.HAL_MPU_ConfigRegion
                0x08000bb8       0x80 ./Drivers/STM32H7xx_HAL_Driver/Src/stm32h7xx_hal_cortex.o
                0x08000bb8                HAL_MPU_ConfigRegion
 .text.HAL_GPIO_Init
                0x08000c38      0x364 ./Drivers/STM32H7xx_HAL_Driver/Src/stm32h7xx_hal_gpio.o
                0x08000c38                HAL_GPIO_Init
 .text.HAL_GPIO_WritePin
                0x08000f9c       0x32 ./Drivers/STM32H7xx_HAL_Driver/Src/stm32h7xx_hal_gpio.o
                0x08000f9c                HAL_GPIO_WritePin
 .text.HAL_GPIO_TogglePin
                0x08000fce       0x34 ./Drivers/STM32H7xx_HAL_Driver/Src/stm32h7xx_hal_gpio.o
                0x08000fce                HAL_GPIO_TogglePin
 *fill*         0x08001002        0x2 
 .text.HAL_PWREx_ConfigSupply
                0x08001004       0x74 ./Drivers/STM32H7xx_HAL_Driver/Src/stm32h7xx_hal_pwr_ex.o
                0x08001004                HAL_PWREx_ConfigSupply
 .text.HAL_RCC_OscConfig
                0x08001078      0x7b4 ./Drivers/STM32H7xx_HAL_Driver/Src/stm32h7xx_hal_rcc.o
                0x08001078                HAL_RCC_OscConfig
 .text.HAL_RCC_ClockConfig
                0x0800182c      0x36c ./Drivers/STM32H7xx_HAL_Driver/Src/stm32h7xx_hal_rcc.o
                0x0800182c                HAL_RCC_ClockConfig
 .text.HAL_RCC_GetSysClockFreq
                0x08001b98      0x2f4 ./Drivers/STM32H7xx_HAL_Driver/Src/stm32h7xx_hal_rcc.o
                0x08001b98                HAL_RCC_GetSysClockFreq
 .text.HAL_TIM_Base_Init
                0x08001e8c       0xae ./Drivers/STM32H7xx_HAL_Driver/Src/stm32h7xx_hal_tim.o
                0x08001e8c                HAL_TIM_Base_Init
 *fill*         0x08001f3a        0x2 
 .text.HAL_TIM_Base_Start_IT
                0x08001f3c      0x10c ./Drivers/STM32H7xx_HAL_Driver/Src/stm32h7xx_hal_tim.o
                0x08001f3c                HAL_TIM_Base_Start_IT
 .text.HAL_TIM_IRQHandler
                0x08002048      0x20e ./Drivers/STM32H7xx_HAL_Driver/Src/stm32h7xx_hal_tim.o
                0x08002048                HAL_TIM_IRQHandler
 *fill*         0x08002256        0x2 
 .text.HAL_TIM_ConfigClockSource
                0x08002258      0x1f0 ./Drivers/STM32H7xx_HAL_Driver/Src/stm32h7xx_hal_tim.o
                0x08002258                HAL_TIM_ConfigClockSource
 .text.HAL_TIM_OC_DelayElapsedCallback
                0x08002448       0x14 ./Drivers/STM32H7xx_HAL_Driver/Src/stm32h7xx_hal_tim.o
                0x08002448                HAL_TIM_OC_DelayElapsedCallback
 .text.HAL_TIM_IC_CaptureCallback
                0x0800245c       0x14 ./Drivers/STM32H7xx_HAL_Driver/Src/stm32h7xx_hal_tim.o
                0x0800245c                HAL_TIM_IC_CaptureCallback
 .text.HAL_TIM_PWM_PulseFinishedCallback
                0x08002470       0x14 ./Drivers/STM32H7xx_HAL_Driver/Src/stm32h7xx_hal_tim.o
                0x08002470                HAL_TIM_PWM_PulseFinishedCallback
 .text.HAL_TIM_TriggerCallback
                0x08002484       0x14 ./Drivers/STM32H7xx_HAL_Driver/Src/stm32h7xx_hal_tim.o
                0x08002484                HAL_TIM_TriggerCallback
 .text.TIM_Base_SetConfig
                0x08002498      0x158 ./Drivers/STM32H7xx_HAL_Driver/Src/stm32h7xx_hal_tim.o
                0x08002498                TIM_Base_SetConfig
 .text.TIM_TI1_ConfigInputStage
                0x080025f0       0xa8 ./Drivers/STM32H7xx_HAL_Driver/Src/stm32h7xx_hal_tim.o
 .text.TIM_TI2_ConfigInputStage
                0x08002698       0x84 ./Drivers/STM32H7xx_HAL_Driver/Src/stm32h7xx_hal_tim.o
 .text.TIM_ITRx_SetConfig
                0x0800271c       0x3c ./Drivers/STM32H7xx_HAL_Driver/Src/stm32h7xx_hal_tim.o
 .text.TIM_ETR_SetConfig
                0x08002758       0x40 ./Drivers/STM32H7xx_HAL_Driver/Src/stm32h7xx_hal_tim.o
                0x08002758                TIM_ETR_SetConfig
 .text.HAL_TIMEx_MasterConfigSynchronization
                0x08002798      0x138 ./Drivers/STM32H7xx_HAL_Driver/Src/stm32h7xx_hal_tim_ex.o
                0x08002798                HAL_TIMEx_MasterConfigSynchronization
 .text.HAL_TIMEx_CommutCallback
                0x080028d0       0x14 ./Drivers/STM32H7xx_HAL_Driver/Src/stm32h7xx_hal_tim_ex.o
                0x080028d0                HAL_TIMEx_CommutCallback
 .text.HAL_TIMEx_BreakCallback
                0x080028e4       0x14 ./Drivers/STM32H7xx_HAL_Driver/Src/stm32h7xx_hal_tim_ex.o
                0x080028e4                HAL_TIMEx_BreakCallback
 .text.HAL_TIMEx_Break2Callback
                0x080028f8       0x14 ./Drivers/STM32H7xx_HAL_Driver/Src/stm32h7xx_hal_tim_ex.o
                0x080028f8                HAL_TIMEx_Break2Callback
 .text.memset   0x0800290c       0x10 /opt/st/stm32cubeide_2.2.0/plugins/com.st.stm32cube.ide.mcu.externaltools.gnu-tools-for-stm32.14.3.rel1.linux64_1.0.100.202602081740/tools/bin/../lib/gcc/arm-none-eabi/14.3.1/../../../../arm-none-eabi/lib/thumb/v7e-m+dp/hard/libc_nano.a(libc_a-memset.o)
                0x0800290c                memset
 .text.__libc_init_array
                0x0800291c       0x48 /opt/st/stm32cubeide_2.2.0/plugins/com.st.stm32cube.ide.mcu.externaltools.gnu-tools-for-stm32.14.3.rel1.linux64_1.0.100.202602081740/tools/bin/../lib/gcc/arm-none-eabi/14.3.1/../../../../arm-none-eabi/lib/thumb/v7e-m+dp/hard/libc_nano.a(libc_a-init.o)
                0x0800291c                __libc_init_array
 *(.glue_7)
 .glue_7        0x08002964        0x0 linker stubs
 *(.glue_7t)
 .glue_7t       0x08002964        0x0 linker stubs
 *(.eh_frame)
 .eh_frame      0x08002964        0x0 /opt/st/stm32cubeide_2.2.0/plugins/com.st.stm32cube.ide.mcu.externaltools.gnu-tools-for-stm32.14.3.rel1.linux64_1.0.100.202602081740/tools/bin/../lib/gcc/arm-none-eabi/14.3.1/thumb/v7e-m+dp/hard/crtbegin.o
 *(.init)
 .init          0x08002964        0x4 /opt/st/stm32cubeide_2.2.0/plugins/com.st.stm32cube.ide.mcu.externaltools.gnu-tools-for-stm32.14.3.rel1.linux64_1.0.100.202602081740/tools/bin/../lib/gcc/arm-none-eabi/14.3.1/thumb/v7e-m+dp/hard/crti.o
                0x08002964                _init
 .init          0x08002968        0x8 /opt/st/stm32cubeide_2.2.0/plugins/com.st.stm32cube.ide.mcu.externaltools.gnu-tools-for-stm32.14.3.rel1.linux64_1.0.100.202602081740/tools/bin/../lib/gcc/arm-none-eabi/14.3.1/thumb/v7e-m+dp/hard/crtn.o
 *(.fini)
 .fini          0x08002970        0x4 /opt/st/stm32cubeide_2.2.0/plugins/com.st.stm32cube.ide.mcu.externaltools.gnu-tools-for-stm32.14.3.rel1.linux64_1.0.100.202602081740/tools/bin/../lib/gcc/arm-none-eabi/14.3.1/thumb/v7e-m+dp/hard/crti.o
                0x08002970                _fini
 .fini          0x08002974        0x8 /opt/st/stm32cubeide_2.2.0/plugins/com.st.stm32cube.ide.mcu.externaltools.gnu-tools-for-stm32.14.3.rel1.linux64_1.0.100.202602081740/tools/bin/../lib/gcc/arm-none-eabi/14.3.1/thumb/v7e-m+dp/hard/crtn.o
                0x0800297c                        . = ALIGN (0x4)
                0x0800297c                        _etext = .

.vfp11_veneer   0x0800297c        0x0
 .vfp11_veneer  0x0800297c        0x0 linker stubs

.v4_bx          0x0800297c        0x0
 .v4_bx         0x0800297c        0x0 linker stubs

.iplt           0x0800297c        0x0
 .iplt          0x0800297c        0x0 /opt/st/stm32cubeide_2.2.0/plugins/com.st.stm32cube.ide.mcu.externaltools.gnu-tools-for-stm32.14.3.rel1.linux64_1.0.100.202602081740/tools/bin/../lib/gcc/arm-none-eabi/14.3.1/thumb/v7e-m+dp/hard/crtbegin.o

.rodata         0x0800297c       0x10
                0x0800297c                        . = ALIGN (0x4)
 *(.rodata)
 *(.rodata*)
 .rodata.D1CorePrescTable
                0x0800297c       0x10 ./Core/Src/system_stm32h7xx.o
                0x0800297c                D1CorePrescTable
                0x0800298c                        . = ALIGN (0x4)

.ARM.extab
 *(.ARM.extab* .gnu.linkonce.armextab.*)

.ARM            0x0800298c        0x0
                0x0800298c                        __exidx_start = .
 *(.ARM.exidx*)
                0x0800298c                        __exidx_end = .

.preinit_array  0x0800298c        0x0
                0x0800298c                        PROVIDE (__preinit_array_start = .)
 *(.preinit_array*)
                0x0800298c                        PROVIDE (__preinit_array_end = .)

.init_array     0x0800298c        0x4
                0x0800298c                        PROVIDE (__init_array_start = .)
 *(SORT_BY_NAME(.init_array.*))
 *(.init_array*)
 .init_array    0x0800298c        0x4 /opt/st/stm32cubeide_2.2.0/plugins/com.st.stm32cube.ide.mcu.externaltools.gnu-tools-for-stm32.14.3.rel1.linux64_1.0.100.202602081740/tools/bin/../lib/gcc/arm-none-eabi/14.3.1/thumb/v7e-m+dp/hard/crtbegin.o
                0x08002990                        PROVIDE (__init_array_end = .)

.fini_array     0x08002990        0x4
                [!provide]                        PROVIDE (__fini_array_start = .)
 *(SORT_BY_NAME(.fini_array.*))
 *(.fini_array*)
 .fini_array    0x08002990        0x4 /opt/st/stm32cubeide_2.2.0/plugins/com.st.stm32cube.ide.mcu.externaltools.gnu-tools-for-stm32.14.3.rel1.linux64_1.0.100.202602081740/tools/bin/../lib/gcc/arm-none-eabi/14.3.1/thumb/v7e-m+dp/hard/crtbegin.o
                [!provide]                        PROVIDE (__fini_array_end = .)
                0x08002994                        _sidata = LOADADDR (.data)

.rel.dyn        0x08002994        0x0
 .rel.iplt      0x08002994        0x0 /opt/st/stm32cubeide_2.2.0/plugins/com.st.stm32cube.ide.mcu.externaltools.gnu-tools-for-stm32.14.3.rel1.linux64_1.0.100.202602081740/tools/bin/../lib/gcc/arm-none-eabi/14.3.1/thumb/v7e-m+dp/hard/crtbegin.o

.data           0x24000000       0x10 load address 0x08002994
                0x24000000                        . = ALIGN (0x4)
                0x24000000                        _sdata = .
 *(.data)
 *(.data*)
 .data.SystemCoreClock
                0x24000000        0x4 ./Core/Src/system_stm32h7xx.o
                0x24000000                SystemCoreClock
 .data.SystemD2Clock
                0x24000004        0x4 ./Core/Src/system_stm32h7xx.o
                0x24000004                SystemD2Clock
 .data.uwTickPrio
                0x24000008        0x4 ./Drivers/STM32H7xx_HAL_Driver/Src/stm32h7xx_hal.o
                0x24000008                uwTickPrio
 .data.uwTickFreq
                0x2400000c        0x1 ./Drivers/STM32H7xx_HAL_Driver/Src/stm32h7xx_hal.o
                0x2400000c                uwTickFreq
 *(.RamFunc)
 *(.RamFunc*)
                0x24000010                        . = ALIGN (0x4)
 *fill*         0x2400000d        0x3 
                0x24000010                        _edata = .

.igot.plt       0x24000010        0x0 load address 0x080029a4
 .igot.plt      0x24000010        0x0 /opt/st/stm32cubeide_2.2.0/plugins/com.st.stm32cube.ide.mcu.externaltools.gnu-tools-for-stm32.14.3.rel1.linux64_1.0.100.202602081740/tools/bin/../lib/gcc/arm-none-eabi/14.3.1/thumb/v7e-m+dp/hard/crtbegin.o
                0x24000010                        . = ALIGN (0x4)

.bss            0x24000010       0x6c load address 0x080029a4
                0x24000010                        _sbss = .
                0x24000010                        __bss_start__ = _sbss
 *(.bss)
 .bss           0x24000010       0x1c /opt/st/stm32cubeide_2.2.0/plugins/com.st.stm32cube.ide.mcu.externaltools.gnu-tools-for-stm32.14.3.rel1.linux64_1.0.100.202602081740/tools/bin/../lib/gcc/arm-none-eabi/14.3.1/thumb/v7e-m+dp/hard/crtbegin.o
 *(.bss*)
 .bss.htim2     0x2400002c       0x4c ./Core/Src/main.o
                0x2400002c                htim2
 .bss.uwTick    0x24000078        0x4 ./Drivers/STM32H7xx_HAL_Driver/Src/stm32h7xx_hal.o
                0x24000078                uwTick
 *(COMMON)
                0x2400007c                        . = ALIGN (0x4)
                0x2400007c                        _ebss = .
                0x2400007c                        __bss_end__ = _ebss

._user_heap_stack
                0x2400007c      0x604 load address 0x080029a4
                0x24000080                        . = ALIGN (0x8)
 *fill*         0x2400007c        0x4 
                [!provide]                        PROVIDE (end = .)
                0x24000080                        PROVIDE (_end = .)
                0x24000280                        . = (. + _Min_Heap_Size)
 *fill*         0x24000080      0x200 
                0x24000680                        . = (. + _Min_Stack_Size)
 *fill*         0x24000280      0x400 
                0x24000680                        . = ALIGN (0x8)

/DISCARD/
 libc.a(*)
 libm.a(*)
 libgcc.a(*)

.ARM.attributes
                0x00000000       0x2e
 *(.ARM.attributes)
 .ARM.attributes
                0x00000000       0x20 /opt/st/stm32cubeide_2.2.0/plugins/com.st.stm32cube.ide.mcu.externaltools.gnu-tools-for-stm32.14.3.rel1.linux64_1.0.100.202602081740/tools/bin/../lib/gcc/arm-none-eabi/14.3.1/thumb/v7e-m+dp/hard/crti.o
 .ARM.attributes
                0x00000020       0x32 /opt/st/stm32cubeide_2.2.0/plugins/com.st.stm32cube.ide.mcu.externaltools.gnu-tools-for-stm32.14.3.rel1.linux64_1.0.100.202602081740/tools/bin/../lib/gcc/arm-none-eabi/14.3.1/thumb/v7e-m+dp/hard/crtbegin.o
 .ARM.attributes
                0x00000052       0x32 ./Core/Src/main.o
 .ARM.attributes
                0x00000084       0x32 ./Core/Src/stm32h7xx_hal_msp.o
 .ARM.attributes
                0x000000b6       0x32 ./Core/Src/stm32h7xx_it.o
 .ARM.attributes
                0x000000e8       0x32 ./Core/Src/system_stm32h7xx.o
 .ARM.attributes
                0x0000011a       0x21 ./Core/Startup/startup_stm32h723vgtx.o
 .ARM.attributes
                0x0000013b       0x32 ./Drivers/STM32H7xx_HAL_Driver/Src/stm32h7xx_hal.o
 .ARM.attributes
                0x0000016d       0x32 ./Drivers/STM32H7xx_HAL_Driver/Src/stm32h7xx_hal_cortex.o
 .ARM.attributes
                0x0000019f       0x32 ./Drivers/STM32H7xx_HAL_Driver/Src/stm32h7xx_hal_gpio.o
 .ARM.attributes
                0x000001d1       0x32 ./Drivers/STM32H7xx_HAL_Driver/Src/stm32h7xx_hal_pwr_ex.o
 .ARM.attributes
                0x00000203       0x32 ./Drivers/STM32H7xx_HAL_Driver/Src/stm32h7xx_hal_rcc.o
 .ARM.attributes
                0x00000235       0x32 ./Drivers/STM32H7xx_HAL_Driver/Src/stm32h7xx_hal_tim.o
 .ARM.attributes
                0x00000267       0x32 ./Drivers/STM32H7xx_HAL_Driver/Src/stm32h7xx_hal_tim_ex.o
 .ARM.attributes
                0x00000299       0x32 /opt/st/stm32cubeide_2.2.0/plugins/com.st.stm32cube.ide.mcu.externaltools.gnu-tools-for-stm32.14.3.rel1.linux64_1.0.100.202602081740/tools/bin/../lib/gcc/arm-none-eabi/14.3.1/../../../../arm-none-eabi/lib/thumb/v7e-m+dp/hard/libc_nano.a(libc_a-memset.o)
 .ARM.attributes
                0x000002cb       0x32 /opt/st/stm32cubeide_2.2.0/plugins/com.st.stm32cube.ide.mcu.externaltools.gnu-tools-for-stm32.14.3.rel1.linux64_1.0.100.202602081740/tools/bin/../lib/gcc/arm-none-eabi/14.3.1/../../../../arm-none-eabi/lib/thumb/v7e-m+dp/hard/libc_nano.a(libc_a-init.o)
 .ARM.attributes
                0x000002fd       0x20 /opt/st/stm32cubeide_2.2.0/plugins/com.st.stm32cube.ide.mcu.externaltools.gnu-tools-for-stm32.14.3.rel1.linux64_1.0.100.202602081740/tools/bin/../lib/gcc/arm-none-eabi/14.3.1/thumb/v7e-m+dp/hard/crtn.o
OUTPUT(01_hw_timer_interrupt.elf elf32-littlearm)
LOAD linker stubs
LOAD /opt/st/stm32cubeide_2.2.0/plugins/com.st.stm32cube.ide.mcu.externaltools.gnu-tools-for-stm32.14.3.rel1.linux64_1.0.100.202602081740/tools/bin/../lib/gcc/arm-none-eabi/14.3.1/../../../../arm-none-eabi/lib/thumb/v7e-m+dp/hard/libc.a
LOAD /opt/st/stm32cubeide_2.2.0/plugins/com.st.stm32cube.ide.mcu.externaltools.gnu-tools-for-stm32.14.3.rel1.linux64_1.0.100.202602081740/tools/bin/../lib/gcc/arm-none-eabi/14.3.1/../../../../arm-none-eabi/lib/thumb/v7e-m+dp/hard/libm.a
LOAD /opt/st/stm32cubeide_2.2.0/plugins/com.st.stm32cube.ide.mcu.externaltools.gnu-tools-for-stm32.14.3.rel1.linux64_1.0.100.202602081740/tools/bin/../lib/gcc/arm-none-eabi/14.3.1/thumb/v7e-m+dp/hard/libgcc.a

.debug_info     0x00000000     0xca25
 .debug_info    0x00000000     0x12e7 ./Core/Src/main.o
 .debug_info    0x000012e7      0xf67 ./Core/Src/stm32h7xx_hal_msp.o
 .debug_info    0x0000224e      0x81d ./Core/Src/stm32h7xx_it.o
 .debug_info    0x00002a6b      0xbff ./Core/Src/system_stm32h7xx.o
 .debug_info    0x0000366a       0x30 ./Core/Startup/startup_stm32h723vgtx.o
 .debug_info    0x0000369a     0x1698 ./Drivers/STM32H7xx_HAL_Driver/Src/stm32h7xx_hal.o
 .debug_info    0x00004d32     0x10b2 ./Drivers/STM32H7xx_HAL_Driver/Src/stm32h7xx_hal_cortex.o
 .debug_info    0x00005de4      0xc6b ./Drivers/STM32H7xx_HAL_Driver/Src/stm32h7xx_hal_gpio.o
 .debug_info    0x00006a4f      0xddb ./Drivers/STM32H7xx_HAL_Driver/Src/stm32h7xx_hal_pwr_ex.o
 .debug_info    0x0000782a      0xd8c ./Drivers/STM32H7xx_HAL_Driver/Src/stm32h7xx_hal_rcc.o
 .debug_info    0x000085b6     0x2bae ./Drivers/STM32H7xx_HAL_Driver/Src/stm32h7xx_hal_tim.o
 .debug_info    0x0000b164     0x18c1 ./Drivers/STM32H7xx_HAL_Driver/Src/stm32h7xx_hal_tim_ex.o

.debug_abbrev   0x00000000     0x1998
 .debug_abbrev  0x00000000      0x2a2 ./Core/Src/main.o
 .debug_abbrev  0x000002a2      0x1c1 ./Core/Src/stm32h7xx_hal_msp.o
 .debug_abbrev  0x00000463      0x190 ./Core/Src/stm32h7xx_it.o
 .debug_abbrev  0x000005f3      0x153 ./Core/Src/system_stm32h7xx.o
 .debug_abbrev  0x00000746       0x24 ./Core/Startup/startup_stm32h723vgtx.o
 .debug_abbrev  0x0000076a      0x29e ./Drivers/STM32H7xx_HAL_Driver/Src/stm32h7xx_hal.o
 .debug_abbrev  0x00000a08      0x339 ./Drivers/STM32H7xx_HAL_Driver/Src/stm32h7xx_hal_cortex.o
 .debug_abbrev  0x00000d41      0x205 ./Drivers/STM32H7xx_HAL_Driver/Src/stm32h7xx_hal_gpio.o
 .debug_abbrev  0x00000f46      0x295 ./Drivers/STM32H7xx_HAL_Driver/Src/stm32h7xx_hal_pwr_ex.o
 .debug_abbrev  0x000011db      0x2b1 ./Drivers/STM32H7xx_HAL_Driver/Src/stm32h7xx_hal_rcc.o
 .debug_abbrev  0x0000148c      0x276 ./Drivers/STM32H7xx_HAL_Driver/Src/stm32h7xx_hal_tim.o
 .debug_abbrev  0x00001702      0x296 ./Drivers/STM32H7xx_HAL_Driver/Src/stm32h7xx_hal_tim_ex.o

.debug_aranges  0x00000000      0xbd8
 .debug_aranges
                0x00000000       0x50 ./Core/Src/main.o
 .debug_aranges
                0x00000050       0x30 ./Core/Src/stm32h7xx_hal_msp.o
 .debug_aranges
                0x00000080       0x68 ./Core/Src/stm32h7xx_it.o
 .debug_aranges
                0x000000e8       0x30 ./Core/Src/system_stm32h7xx.o
 .debug_aranges
                0x00000118       0x28 ./Core/Startup/startup_stm32h723vgtx.o
 .debug_aranges
                0x00000140      0x1c8 ./Drivers/STM32H7xx_HAL_Driver/Src/stm32h7xx_hal.o
 .debug_aranges
                0x00000308      0x130 ./Drivers/STM32H7xx_HAL_Driver/Src/stm32h7xx_hal_cortex.o
 .debug_aranges
                0x00000438       0x58 ./Drivers/STM32H7xx_HAL_Driver/Src/stm32h7xx_hal_gpio.o
 .debug_aranges
                0x00000490      0x148 ./Drivers/STM32H7xx_HAL_Driver/Src/stm32h7xx_hal_pwr_ex.o
 .debug_aranges
                0x000005d8       0x88 ./Drivers/STM32H7xx_HAL_Driver/Src/stm32h7xx_hal_rcc.o
 .debug_aranges
                0x00000660      0x3e0 ./Drivers/STM32H7xx_HAL_Driver/Src/stm32h7xx_hal_tim.o
 .debug_aranges
                0x00000a40      0x198 ./Drivers/STM32H7xx_HAL_Driver/Src/stm32h7xx_hal_tim_ex.o

.debug_rnglists
                0x00000000      0x925
 .debug_rnglists
                0x00000000       0x39 ./Core/Src/main.o
 .debug_rnglists
                0x00000039       0x1f ./Core/Src/stm32h7xx_hal_msp.o
 .debug_rnglists
                0x00000058       0x49 ./Core/Src/stm32h7xx_it.o
 .debug_rnglists
                0x000000a1       0x21 ./Core/Src/system_stm32h7xx.o
 .debug_rnglists
                0x000000c2       0x19 ./Core/Startup/startup_stm32h723vgtx.o
 .debug_rnglists
                0x000000db      0x155 ./Drivers/STM32H7xx_HAL_Driver/Src/stm32h7xx_hal.o
 .debug_rnglists
                0x00000230       0xe0 ./Drivers/STM32H7xx_HAL_Driver/Src/stm32h7xx_hal_cortex.o
 .debug_rnglists
                0x00000310       0x3f ./Drivers/STM32H7xx_HAL_Driver/Src/stm32h7xx_hal_gpio.o
 .debug_rnglists
                0x0000034f       0xf5 ./Drivers/STM32H7xx_HAL_Driver/Src/stm32h7xx_hal_pwr_ex.o
 .debug_rnglists
                0x00000444       0x68 ./Drivers/STM32H7xx_HAL_Driver/Src/stm32h7xx_hal_rcc.o
 .debug_rnglists
                0x000004ac      0x32c ./Drivers/STM32H7xx_HAL_Driver/Src/stm32h7xx_hal_tim.o
 .debug_rnglists
                0x000007d8      0x14d ./Drivers/STM32H7xx_HAL_Driver/Src/stm32h7xx_hal_tim_ex.o

.debug_macro    0x00000000    0x3187c
 .debug_macro   0x00000000      0x2aa ./Core/Src/main.o
 .debug_macro   0x000002aa      0xaf6 ./Core/Src/main.o
 .debug_macro   0x00000da0      0x232 ./Core/Src/main.o
 .debug_macro   0x00000fd2       0x2e ./Core/Src/main.o
 .debug_macro   0x00001000       0x3b ./Core/Src/main.o
 .debug_macro   0x0000103b       0x22 ./Core/Src/main.o
 .debug_macro   0x0000105d       0x8e ./Core/Src/main.o
 .debug_macro   0x000010eb       0x51 ./Core/Src/main.o
 .debug_macro   0x0000113c      0x103 ./Core/Src/main.o
 .debug_macro   0x0000123f       0x6a ./Core/Src/main.o
 .debug_macro   0x000012a9      0x1df ./Core/Src/main.o
 .debug_macro   0x00001488       0x1c ./Core/Src/main.o
 .debug_macro   0x000014a4       0x22 ./Core/Src/main.o
 .debug_macro   0x000014c6       0xfb ./Core/Src/main.o
 .debug_macro   0x000015c1     0x1313 ./Core/Src/main.o
 .debug_macro   0x000028d4      0x11f ./Core/Src/main.o
 .debug_macro   0x000029f3       0x22 ./Core/Src/main.o
 .debug_macro   0x00002a15    0x216c1 ./Core/Src/main.o
 .debug_macro   0x000240d6       0x6d ./Core/Src/main.o
 .debug_macro   0x00024143     0x3d64 ./Core/Src/main.o
 .debug_macro   0x00027ea7      0x190 ./Core/Src/main.o
 .debug_macro   0x00028037       0x61 ./Core/Src/main.o
 .debug_macro   0x00028098       0x29 ./Core/Src/main.o
 .debug_macro   0x000280c1       0x43 ./Core/Src/main.o
 .debug_macro   0x00028104       0x34 ./Core/Src/main.o
 .debug_macro   0x00028138      0x364 ./Core/Src/main.o
 .debug_macro   0x0002849c       0x16 ./Core/Src/main.o
 .debug_macro   0x000284b2       0x4a ./Core/Src/main.o
 .debug_macro   0x000284fc       0x34 ./Core/Src/main.o
 .debug_macro   0x00028530       0x10 ./Core/Src/main.o
 .debug_macro   0x00028540       0x58 ./Core/Src/main.o
 .debug_macro   0x00028598       0x8e ./Core/Src/main.o
 .debug_macro   0x00028626       0x1c ./Core/Src/main.o
 .debug_macro   0x00028642      0x17e ./Core/Src/main.o
 .debug_macro   0x000287c0      0x19b ./Core/Src/main.o
 .debug_macro   0x0002895b       0x5d ./Core/Src/main.o
 .debug_macro   0x000289b8     0x2462 ./Core/Src/main.o
 .debug_macro   0x0002ae1a     0x1079 ./Core/Src/main.o
 .debug_macro   0x0002be93      0x154 ./Core/Src/main.o
 .debug_macro   0x0002bfe7      0x114 ./Core/Src/main.o
 .debug_macro   0x0002c0fb      0x3fc ./Core/Src/main.o
 .debug_macro   0x0002c4f7       0xac ./Core/Src/main.o
 .debug_macro   0x0002c5a3      0x788 ./Core/Src/main.o
 .debug_macro   0x0002cd2b      0x228 ./Core/Src/main.o
 .debug_macro   0x0002cf53       0x66 ./Core/Src/main.o
 .debug_macro   0x0002cfb9      0x3a6 ./Core/Src/main.o
 .debug_macro   0x0002d35f      0x3f9 ./Core/Src/main.o
 .debug_macro   0x0002d758      0x275 ./Core/Src/main.o
 .debug_macro   0x0002d9cd      0x3ca ./Core/Src/main.o
 .debug_macro   0x0002dd97      0x45c ./Core/Src/main.o
 .debug_macro   0x0002e1f3       0x3c ./Core/Src/main.o
 .debug_macro   0x0002e22f       0x4a ./Core/Src/main.o
 .debug_macro   0x0002e279      0x22c ./Core/Src/main.o
 .debug_macro   0x0002e4a5       0x67 ./Core/Src/main.o
 .debug_macro   0x0002e50c       0xa5 ./Core/Src/main.o
 .debug_macro   0x0002e5b1      0x1c4 ./Core/Src/main.o
 .debug_macro   0x0002e775      0x22a ./Core/Src/main.o
 .debug_macro   0x0002e99f       0x35 ./Core/Src/main.o
 .debug_macro   0x0002e9d4      0xb24 ./Core/Src/main.o
 .debug_macro   0x0002f4f8      0x29f ./Core/Src/main.o
 .debug_macro   0x0002f797      0x5f2 ./Core/Src/main.o
 .debug_macro   0x0002fd89      0x2aa ./Core/Src/stm32h7xx_hal_msp.o
 .debug_macro   0x00030033      0x2b4 ./Core/Src/stm32h7xx_it.o
 .debug_macro   0x000302e7      0x2a0 ./Core/Src/system_stm32h7xx.o
 .debug_macro   0x00030587      0x2ca ./Drivers/STM32H7xx_HAL_Driver/Src/stm32h7xx_hal.o
 .debug_macro   0x00030851      0x2a0 ./Drivers/STM32H7xx_HAL_Driver/Src/stm32h7xx_hal_cortex.o
 .debug_macro   0x00030af1      0x2a7 ./Drivers/STM32H7xx_HAL_Driver/Src/stm32h7xx_hal_gpio.o
 .debug_macro   0x00030d98      0x2d9 ./Drivers/STM32H7xx_HAL_Driver/Src/stm32h7xx_hal_pwr_ex.o
 .debug_macro   0x00031071      0x2c4 ./Drivers/STM32H7xx_HAL_Driver/Src/stm32h7xx_hal_rcc.o
 .debug_macro   0x00031335      0x2a1 ./Drivers/STM32H7xx_HAL_Driver/Src/stm32h7xx_hal_tim.o
 .debug_macro   0x000315d6      0x2a6 ./Drivers/STM32H7xx_HAL_Driver/Src/stm32h7xx_hal_tim_ex.o

.debug_line     0x00000000     0xcd99
 .debug_line    0x00000000      0x952 ./Core/Src/main.o
 .debug_line    0x00000952      0x82e ./Core/Src/stm32h7xx_hal_msp.o
 .debug_line    0x00001180      0x8bb ./Core/Src/stm32h7xx_it.o
 .debug_line    0x00001a3b      0x9f1 ./Core/Src/system_stm32h7xx.o
 .debug_line    0x0000242c       0x7b ./Core/Startup/startup_stm32h723vgtx.o
 .debug_line    0x000024a7      0xe60 ./Drivers/STM32H7xx_HAL_Driver/Src/stm32h7xx_hal.o
 .debug_line    0x00003307      0xdb2 ./Drivers/STM32H7xx_HAL_Driver/Src/stm32h7xx_hal_cortex.o
 .debug_line    0x000040b9      0xc51 ./Drivers/STM32H7xx_HAL_Driver/Src/stm32h7xx_hal_gpio.o
 .debug_line    0x00004d0a      0xe9b ./Drivers/STM32H7xx_HAL_Driver/Src/stm32h7xx_hal_pwr_ex.o
 .debug_line    0x00005ba5     0x13da ./Drivers/STM32H7xx_HAL_Driver/Src/stm32h7xx_hal_rcc.o
 .debug_line    0x00006f7f     0x4030 ./Drivers/STM32H7xx_HAL_Driver/Src/stm32h7xx_hal_tim.o
 .debug_line    0x0000afaf     0x1dea ./Drivers/STM32H7xx_HAL_Driver/Src/stm32h7xx_hal_tim_ex.o

.debug_str      0x00000000   0x1448ff
 .debug_str     0x00000000   0x1448ff ./Core/Src/main.o
                             0x1418b2 (size before relaxing)
 .debug_str     0x001448ff   0x141b7e ./Core/Src/stm32h7xx_hal_msp.o
 .debug_str     0x001448ff   0x1411ca ./Core/Src/stm32h7xx_it.o
 .debug_str     0x001448ff   0x140fd7 ./Core/Src/system_stm32h7xx.o
 .debug_str     0x001448ff       0xae ./Core/Startup/startup_stm32h723vgtx.o
 .debug_str     0x001448ff   0x14201b ./Drivers/STM32H7xx_HAL_Driver/Src/stm32h7xx_hal.o
 .debug_str     0x001448ff   0x14193c ./Drivers/STM32H7xx_HAL_Driver/Src/stm32h7xx_hal_cortex.o
 .debug_str     0x001448ff   0x140fdc ./Drivers/STM32H7xx_HAL_Driver/Src/stm32h7xx_hal_gpio.o
 .debug_str     0x001448ff   0x1413eb ./Drivers/STM32H7xx_HAL_Driver/Src/stm32h7xx_hal_pwr_ex.o
 .debug_str     0x001448ff   0x14135f ./Drivers/STM32H7xx_HAL_Driver/Src/stm32h7xx_hal_rcc.o
 .debug_str     0x001448ff   0x14215d ./Drivers/STM32H7xx_HAL_Driver/Src/stm32h7xx_hal_tim.o
 .debug_str     0x001448ff   0x141b0a ./Drivers/STM32H7xx_HAL_Driver/Src/stm32h7xx_hal_tim_ex.o

.comment        0x00000000       0x43
 .comment       0x00000000       0x43 ./Core/Src/main.o
                                 0x44 (size before relaxing)
 .comment       0x00000043       0x44 ./Core/Src/stm32h7xx_hal_msp.o
 .comment       0x00000043       0x44 ./Core/Src/stm32h7xx_it.o
 .comment       0x00000043       0x44 ./Core/Src/system_stm32h7xx.o
 .comment       0x00000043       0x44 ./Drivers/STM32H7xx_HAL_Driver/Src/stm32h7xx_hal.o
 .comment       0x00000043       0x44 ./Drivers/STM32H7xx_HAL_Driver/Src/stm32h7xx_hal_cortex.o
 .comment       0x00000043       0x44 ./Drivers/STM32H7xx_HAL_Driver/Src/stm32h7xx_hal_gpio.o
 .comment       0x00000043       0x44 ./Drivers/STM32H7xx_HAL_Driver/Src/stm32h7xx_hal_pwr_ex.o
 .comment       0x00000043       0x44 ./Drivers/STM32H7xx_HAL_Driver/Src/stm32h7xx_hal_rcc.o
 .comment       0x00000043       0x44 ./Drivers/STM32H7xx_HAL_Driver/Src/stm32h7xx_hal_tim.o
 .comment       0x00000043       0x44 ./Drivers/STM32H7xx_HAL_Driver/Src/stm32h7xx_hal_tim_ex.o

.debug_frame    0x00000000     0x2e84
 .debug_frame   0x00000000       0xf8 ./Core/Src/main.o
 .debug_frame   0x000000f8       0x7c ./Core/Src/stm32h7xx_hal_msp.o
 .debug_frame   0x00000174      0x114 ./Core/Src/stm32h7xx_it.o
 .debug_frame   0x00000288       0x60 ./Core/Src/system_stm32h7xx.o
 .debug_frame   0x000002e8      0x6a0 ./Drivers/STM32H7xx_HAL_Driver/Src/stm32h7xx_hal.o
 .debug_frame   0x00000988      0x4b8 ./Drivers/STM32H7xx_HAL_Driver/Src/stm32h7xx_hal_cortex.o
 .debug_frame   0x00000e40      0x130 ./Drivers/STM32H7xx_HAL_Driver/Src/stm32h7xx_hal_gpio.o
 .debug_frame   0x00000f70      0x4c8 ./Drivers/STM32H7xx_HAL_Driver/Src/stm32h7xx_hal_pwr_ex.o
 .debug_frame   0x00001438      0x1e4 ./Drivers/STM32H7xx_HAL_Driver/Src/stm32h7xx_hal_rcc.o
 .debug_frame   0x0000161c     0x1144 ./Drivers/STM32H7xx_HAL_Driver/Src/stm32h7xx_hal_tim.o
 .debug_frame   0x00002760      0x6d8 ./Drivers/STM32H7xx_HAL_Driver/Src/stm32h7xx_hal_tim_ex.o
 .debug_frame   0x00002e38       0x20 /opt/st/stm32cubeide_2.2.0/plugins/com.st.stm32cube.ide.mcu.externaltools.gnu-tools-for-stm32.14.3.rel1.linux64_1.0.100.202602081740/tools/bin/../lib/gcc/arm-none-eabi/14.3.1/../../../../arm-none-eabi/lib/thumb/v7e-m+dp/hard/libc_nano.a(libc_a-memset.o)
 .debug_frame   0x00002e58       0x2c /opt/st/stm32cubeide_2.2.0/plugins/com.st.stm32cube.ide.mcu.externaltools.gnu-tools-for-stm32.14.3.rel1.linux64_1.0.100.202602081740/tools/bin/../lib/gcc/arm-none-eabi/14.3.1/../../../../arm-none-eabi/lib/thumb/v7e-m+dp/hard/libc_nano.a(libc_a-init.o)

.debug_line_str
                0x00000000       0x92
 .debug_line_str
                0x00000000       0x92 ./Core/Startup/startup_stm32h723vgtx.o
